Compiling 1 files with 0.8.10
Solc 0.8.10 finished in 348.12ms
Compiler run successful

Compiling 1 files with 0.8.11
Solc 0.8.11 finished in 348.12ms
Compiler run successful

Compiling 1 files with 0.8.12
Solc 0.8.12 finished in 348.12ms
Compiler run successful

Compiling 1 files with 0.8.13
Solc 0.8.13 finished in 348.12ms
Compiler run successful

Compiling 1 files with 0.8.14
Solc 0.8.14 finished in 348.12ms
Compiler run successful

Compiling 1 files with 0.8.15
Solc 0.8.15 finished in 348.12ms
Compiler run successful
