Compiling 1 files with 0.8.15
Solc 0.8.15 finished in 348.12ms
Compiler run successful
