Compiling 1 files with 0.7.0
Solc 0.7.0 finished in 348.12ms
Compiler run successful

Compiling 1 files with 0.7.1
Solc 0.7.1 finished in 348.12ms
Compiler run successful

Compiling 1 files with 0.7.2
Solc 0.7.2 finished in 348.12ms
Compiler run successful

Compiling 1 files with 0.7.3
Solc 0.7.3 finished in 348.12ms
Compiler run successful

Compiling 1 files with 0.7.4
Solc 0.7.4 finished in 348.12ms
Compiler run successful

Compiling 1 files with 0.7.5
Solc 0.7.5 finished in 348.12ms
Compiler run successful

Compiling 1 files with 0.7.6
Solc 0.7.6 finished in 348.12ms
Compiler run successful

Compiling 1 files with 0.8.0
Solc 0.8.0 finished in 348.12ms
Compiler run successful

Compiling 1 files with 0.8.1
Solc 0.8.1 finished in 348.12ms
Compiler run successful

Compiling 1 files with 0.8.2
Solc 0.8.2 finished in 348.12ms
Compiler run successful

Compiling 1 files with 0.8.3
Solc 0.8.3 finished in 348.12ms
Compiler run successful

Compiling 1 files with 0.8.4
Solc 0.8.4 finished in 348.12ms
Compiler run successful

Compiling 1 files with 0.8.5
Solc 0.8.5 finished in 348.12ms
Compiler run successful

Compiling 1 files with 0.8.6
Solc 0.8.6 finished in 348.12ms
Compiler run successful

Compiling 1 files with 0.8.7
Solc 0.8.7 finished in 348.12ms
Compiler run successful

Compiling 1 files with 0.8.8
Solc 0.8.8 finished in 348.12ms
Compiler run successful

Compiling 1 files with 0.8.9
Solc 0.8.9 finished in 348.12ms
Compiler run successful

Compiling 1 files with 0.8.10
Solc 0.8.10 finished in 348.12ms
Compiler run successful

Compiling 1 files with 0.8.11
Solc 0.8.11 finished in 348.12ms
Compiler run successful

Compiling 1 files with 0.8.12
Solc 0.8.12 finished in 348.12ms
Compiler run successful

Compiling 1 files with 0.8.13
Solc 0.8.13 finished in 348.12ms
Compiler run successful

Compiling 1 files with 0.8.14
Solc 0.8.14 finished in 348.12ms
Compiler run successful

Compiling 1 files with 0.8.15
Solc 0.8.15 finished in 348.12ms
Compiler run successful
